// Jest Snapshot v1, https://goo.gl/fbAQLP

exports[`PostVisualBacktest component (smoke) it should render correctly 1`] = `null`;

exports[`PostVisualBacktest component SAN icon should render correctly 1`] = `null`;
