// Jest Snapshot v1, https://goo.gl/fbAQLP

exports[`LinkToSocialTool Smoke 1`] = `
<Fragment>
  <Link
    replace={false}
    to="/labs/trends/explore/santiment%20OR%20SAN%20OR%20Santiment%20Network%20Token?asset=santiment"
  >
    See Social Trends
  </Link>
</Fragment>
`;
