// Jest Snapshot v1, https://goo.gl/fbAQLP

exports[`TriggerForm smoke 1`] = `
<Formik
  enableReinitialize={false}
  initialValues={
    Object {
      "percentThreshold": 5,
    }
  }
  isInitialValid={true}
  onSubmit={[Function]}
  validate={[Function]}
  validateOnBlur={true}
  validateOnChange={true}
>
  <Component />
</Formik>
`;
