// Jest Snapshot v1, https://goo.gl/fbAQLP

exports[`SignalMaster smoke 1`] = `
<Component
  canRedirect={true}
  onClose={[Function]}
  setTitle={[Function]}
  triggerId={247}
/>
`;
