// Jest Snapshot v1, https://goo.gl/fbAQLP

exports[`AboutForm render correctly text component 1`] = `
<Formik
  enableReinitialize={true}
  initialValues={
    Object {
      "description": "Custom Description",
      "title": "Title of Trigger",
    }
  }
  isInitialValid={true}
  onSubmit={[Function]}
  validate={[Function]}
  validateOnBlur={true}
  validateOnChange={true}
>
  <Component />
</Formik>
`;
