// Jest Snapshot v1, https://goo.gl/fbAQLP

exports[`Project detail page container it should render correctly 1`] = `
<div
  className="page detailed"
>
  <HelmetWrapper
    defer={true}
    encodeSpecialCharacters={true}
  >
    <title>
      AE project page
    </title>
    <meta
      content="Project overview: Aragorn - SANbase"
      property="og:title"
    />
    <meta
      content="Financial, development, on-chain and social data for Aragorn. Get access to full historical data & advanced metrics for Aragorn by upgrading to SANbase Dashboards.
"
      property="og:description"
    />
  </HelmetWrapper>
  <withRouter(SearchContainer) />
  <div>
    <Breadcrumbs
      name="Aragorn"
    />
    <Query
      query={
        Object {
          "definitions": Array [
            Object {
              "directives": Array [],
              "kind": "OperationDefinition",
              "name": undefined,
              "operation": "query",
              "selectionSet": Object {
                "kind": "SelectionSet",
                "selections": Array [
                  Object {
                    "alias": null,
                    "arguments": Array [],
                    "directives": Array [],
                    "kind": "Field",
                    "name": Object {
                      "kind": "Name",
                      "value": "currentUser",
                    },
                    "selectionSet": Object {
                      "kind": "SelectionSet",
                      "selections": Array [
                        Object {
                          "alias": null,
                          "arguments": Array [],
                          "directives": Array [],
                          "kind": "Field",
                          "name": Object {
                            "kind": "Name",
                            "value": "id",
                          },
                          "selectionSet": null,
                        },
                        Object {
                          "alias": null,
                          "arguments": Array [],
                          "directives": Array [],
                          "kind": "Field",
                          "name": Object {
                            "kind": "Name",
                            "value": "subscriptions",
                          },
                          "selectionSet": Object {
                            "kind": "SelectionSet",
                            "selections": Array [
                              Object {
                                "alias": null,
                                "arguments": Array [],
                                "directives": Array [],
                                "kind": "Field",
                                "name": Object {
                                  "kind": "Name",
                                  "value": "id",
                                },
                                "selectionSet": null,
                              },
                              Object {
                                "alias": null,
                                "arguments": Array [],
                                "directives": Array [],
                                "kind": "Field",
                                "name": Object {
                                  "kind": "Name",
                                  "value": "cancelAtPeriodEnd",
                                },
                                "selectionSet": null,
                              },
                              Object {
                                "alias": null,
                                "arguments": Array [],
                                "directives": Array [],
                                "kind": "Field",
                                "name": Object {
                                  "kind": "Name",
                                  "value": "currentPeriodEnd",
                                },
                                "selectionSet": null,
                              },
                              Object {
                                "alias": null,
                                "arguments": Array [],
                                "directives": Array [],
                                "kind": "Field",
                                "name": Object {
                                  "kind": "Name",
                                  "value": "plan",
                                },
                                "selectionSet": Object {
                                  "kind": "SelectionSet",
                                  "selections": Array [
                                    Object {
                                      "alias": null,
                                      "arguments": Array [],
                                      "directives": Array [],
                                      "kind": "Field",
                                      "name": Object {
                                        "kind": "Name",
                                        "value": "id",
                                      },
                                      "selectionSet": null,
                                    },
                                    Object {
                                      "alias": null,
                                      "arguments": Array [],
                                      "directives": Array [],
                                      "kind": "Field",
                                      "name": Object {
                                        "kind": "Name",
                                        "value": "name",
                                      },
                                      "selectionSet": null,
                                    },
                                    Object {
                                      "alias": null,
                                      "arguments": Array [],
                                      "directives": Array [],
                                      "kind": "Field",
                                      "name": Object {
                                        "kind": "Name",
                                        "value": "amount",
                                      },
                                      "selectionSet": null,
                                    },
                                    Object {
                                      "alias": null,
                                      "arguments": Array [],
                                      "directives": Array [],
                                      "kind": "Field",
                                      "name": Object {
                                        "kind": "Name",
                                        "value": "interval",
                                      },
                                      "selectionSet": null,
                                    },
                                    Object {
                                      "alias": null,
                                      "arguments": Array [],
                                      "directives": Array [],
                                      "kind": "Field",
                                      "name": Object {
                                        "kind": "Name",
                                        "value": "product",
                                      },
                                      "selectionSet": Object {
                                        "kind": "SelectionSet",
                                        "selections": Array [
                                          Object {
                                            "alias": null,
                                            "arguments": Array [],
                                            "directives": Array [],
                                            "kind": "Field",
                                            "name": Object {
                                              "kind": "Name",
                                              "value": "id",
                                            },
                                            "selectionSet": null,
                                          },
                                          Object {
                                            "alias": null,
                                            "arguments": Array [],
                                            "directives": Array [],
                                            "kind": "Field",
                                            "name": Object {
                                              "kind": "Name",
                                              "value": "name",
                                            },
                                            "selectionSet": null,
                                          },
                                        ],
                                      },
                                    },
                                  ],
                                },
                              },
                            ],
                          },
                        },
                      ],
                    },
                  },
                ],
              },
              "variableDefinitions": Array [],
            },
          ],
          "kind": "Document",
          "loc": Object {
            "end": 293,
            "start": 0,
          },
        }
      }
    >
      <Component />
    </Query>
  </div>
  <div
    className="information"
  >
    <PanelWithHeader
      className="panel panel-full-width"
      contentClassName=""
      header="General Info"
      headerClassName=""
    >
      <GeneralInfoBlock
        id={12}
        name="Aragorn"
        priceUsd={10}
        ticker="AE"
      />
    </PanelWithHeader>
    <PanelWithHeader
      className="panel panel-full-width"
      contentClassName=""
      header="Financials"
      headerClassName=""
    >
      <FinancialsBlock
        id={12}
        name="Aragorn"
        priceUsd={10}
        ticker="AE"
      />
    </PanelWithHeader>
  </div>
</div>
`;
